<html>
<body>
<pre>
<h1>µVision Build Log</h1>
<h2>Tool Versions:</h2>
IDE-Version: ¦ÌVision V5.39.0.0
Copyright (C) 2023 ARM Ltd and ARM Germany GmbH. All rights reserved.
License Information: h 485278168@qq.com, hgh, LIC=X96CK-ZUFCQ-Z9HG9-4BXH1-U0XQ2-HTNLQ
 
Tool Versions:
Toolchain:       MDK-ARM Plus  Version: 5.39.0.0
Toolchain Path:  D:\PROGRAM\keil\Core\ARM\ARMCLANG\Bin
C Compiler:      ArmClang.exe V6.21
Assembler:       Armasm.exe V6.21
Linker/Locator:  ArmLink.exe V6.21
Library Manager: ArmAr.exe V6.21
Hex Converter:   FromElf.exe V6.21
CPU DLL:         SARMCM3.DLL V5.39.0.0
Dialog DLL:      DCM.DLL V1.17.5.0
Target DLL:      STLink\ST-LINKIII-KEIL_SWO.dll V3.2.0.0
Dialog DLL:      TCM.DLL V1.56.4.0
 
<h2>Project:</h2>
D:\Desktop\LCD_TOUCH_LVGL\MDK-ARM\ThermalCamera.uvprojx
Project File Date:  12/04/2024

<h2>Output:</h2>
*** Using Compiler 'V6.21', folder: 'D:\PROGRAM\keil\Core\ARM\ARMCLANG\Bin'
Rebuild target 'ThermalCamera'
assembling startup_stm32f411xe.s...
compiling dma.c...
compiling spi.c...
compiling gpio.c...
compiling i2c.c...
../Core/Src/tim.c(22): warning: missing terminating '"' character [-Winvalid-pp-token]
   22 | #include "lvgl.h""
      |                  ^
../Core/Src/tim.c(22): warning: extra tokens at end of #include directive [-Wextra-tokens]
   22 | #include "lvgl.h""
      |                  ^
      |                  //
2 warnings generated.
compiling tim.c...
compiling usart.c...
compiling stm32f4xx_it.c...
compiling stm32f4xx_hal_msp.c...
compiling main.c...
compiling lcd_init.c...
compiling key.c...
compiling CST816.c...
compiling delay.c...
compiling iic_hal.c...
compiling stm32f4xx_hal_i2c_ex.c...
../BSP/LCD/lcd.c(3): warning: In file included from...
../BSP/LCD/lcdfont.h(405): warning: illegal character encoding in string literal [-Winvalid-source-encoding]
  405 | "<D6><D0>",0x20,0x00,0x20,0x00,0x20,0x00,0xFE,0x03,0x22,0x02,0x22,0x02,0x22,0x02,0xFE,0x03,
      |  ^~~~~~~~
../BSP/LCD/lcdfont.h(407): warning: illegal character encoding in string literal [-Winvalid-source-encoding]
  407 | "<BE><B0>",0xFC,0x01,0x04,0x01,0xFC,0x01,0x04,0x01,0xFC,0x01,0x20,0x00,0xFF,0x07,0x04,0x01,
      |  ^~~~~~~~
../BSP/LCD/lcdfont.h(411): warning: illegal character encoding in string literal [-Winvalid-source-encoding]
  411 | "<B5><E7>",0x10,0x00,0x10,0x00,0xFF,0x01,0x11,0x01,0x11,0x01,0xFF,0x01,0x11,0x01,0x11,0x01,
      |  ^~~~~~~~
../BSP/LCD/lcdfont.h(413): warning: illegal character encoding in string literal [-Winvalid-source-encoding]
  413 | "<D7><D3>",0x00,0x00,0xFC,0x01,0x80,0x00,0x40,0x00,0x20,0x00,0x20,0x00,0xFF,0x07,0x20,0x00,
      |  ^~~~~~~~
../BSP/LCD/lcdfont.h(427): warning: illegal character encoding in string literal [-Winvalid-source-encoding]
  427 | "<D6><D0>",0x80,0x00,0x80,0x00,0x80,0x00,0x80,0x00,0xFC,0x1F,0x84,0x10,0x84,0x10,0x84,0x10,
      |  ^~~~~~~~
../BSP/LCD/lcdfont.h(429): warning: illegal character encoding in string literal [-Winvalid-source-encoding]
  429 | "<BE><B0>",0xF8,0x0F,0x08,0x08,0xF8,0x0F,0x08,0x08,0xF8,0x0F,0x80,0x00,0xFF,0x7F,0x00,0x00,
      |  ^~~~~~~~
../BSP/LCD/lcdfont.h(433): warning: illegal character encoding in string literal [-Winvalid-source-encoding]
  433 | "<B5><E7>",0x80,0x00,0x80,0x00,0x80,0x00,0xFC,0x1F,0x84,0x10,0x84,0x10,0x84,0x10,0xFC,0x1F,
      |  ^~~~~~~~
../BSP/LCD/lcdfont.h(435): warning: illegal character encoding in string literal [-Winvalid-source-encoding]
  435 | "<D7><D3>",0x00,0x00,0xFE,0x1F,0x00,0x08,0x00,0x04,0x00,0x02,0x80,0x01,0x80,0x00,0xFF,0x7F,
      |  ^~~~~~~~
../BSP/LCD/lcdfont.h(449): warning: illegal character encoding in string literal [-Winvalid-source-encoding]
  449 | "<D6><D0>",0x00,0x00,0x00,0x00,0x00,0x00,0x00,0x18,0x00,0x00,0x08,0x00,0x00,0x08,0x00,0x00,
      |  ^~~~~~~~
../BSP/LCD/lcdfont.h(455): warning: illegal character encoding in string literal [-Winvalid-source-encoding]
  455 | "<BE><B0>",0x00,0x00,0x00,0x00,0x00,0x00,0x40,0x00,0x06,0xC0,0xFF,0x07,0x40,0x00,0x06,0xC0,
      |  ^~~~~~~~
../BSP/LCD/lcdfont.h(467): warning: illegal character encoding in string literal [-Winvalid-source-encoding]
  467 | "<B5><E7>",0x00,0x00,0x00,0x00,0x00,0x00,0x00,0x18,0x00,0x00,0x08,0x00,0x00,0x08,0x00,0x00,
      |  ^~~~~~~~
../BSP/LCD/lcdfont.h(473): warning: illegal character encoding in string literal [-Winvalid-source-encoding]
  473 | "<D7><D3>",0x00,0x00,0x00,0x00,0x00,0x00,0x00,0x00,0x04,0xF0,0xFF,0x0F,0x00,0x00,0x06,0x00,
      |  ^~~~~~~~
../BSP/LCD/lcdfont.h(491): warning: illegal character encoding in string literal [-Winvalid-source-encoding]
  491 | "<D6><D0>",0x00,0x00,0x00,0x00,0x00,0x00,0x00,0x00,0x00,0x80,0x00,0x00,0x00,0x80,0x01,0x00,
      |  ^~~~~~~~
../BSP/LCD/lcdfont.h(499): warning: illegal character encoding in string literal [-Winvalid-source-encoding]
  499 | "<BE><B0>",0x00,0x00,0x00,0x00,0x00,0x00,0x00,0x00,0x00,0x00,0x00,0x00,0x00,0x01,0x80,0x01,
      |  ^~~~~~~~
../BSP/LCD/lcdfont.h(515): warning: illegal character encoding in string literal [-Winvalid-source-encoding]
  515 | "<B5><E7>",0x00,0x00,0x00,0x00,0x00,0x00,0x00,0x00,0x00,0xC0,0x00,0x00,0x00,0xC0,0x01,0x00,
      |  ^~~~~~~~
../BSP/LCD/lcdfont.h(523): warning: illegal character encoding in string literal [-Winvalid-source-encoding]
  523 | "<D7><D3>",0x00,0x00,0x00,0x00,0x00,0x00,0x00,0x00,0x00,0x00,0x00,0x00,0x00,0x00,0x00,0x03,
      |  ^~~~~~~~
16 warnings generated.
compiling lcd.c...
compiling stm32f4xx_hal_rcc_ex.c...
compiling stm32f4xx_hal_flash.c...
compiling stm32f4xx_hal_rcc.c...
compiling stm32f4xx_hal_flash_ex.c...
compiling stm32f4xx_hal_flash_ramfunc.c...
compiling stm32f4xx_hal_pwr_ex.c...
compiling stm32f4xx_hal_gpio.c...
compiling stm32f4xx_hal_pwr.c...
compiling stm32f4xx_hal_dma_ex.c...
compiling stm32f4xx_hal_cortex.c...
compiling stm32f4xx_hal_dma.c...
compiling stm32f4xx_hal_i2c.c...
compiling stm32f4xx_hal.c...
compiling stm32f4xx_hal_exti.c...
compiling system_stm32f4xx.c...
compiling stm32f4xx_hal_tim_ex.c...
compiling lv_disp.c...
compiling lv_event.c...
compiling stm32f4xx_hal_spi.c...
compiling stm32f4xx_hal_uart.c...
compiling lv_group.c...
compiling lv_obj_class.c...
compiling stm32f4xx_hal_tim.c...
compiling lv_indev_scroll.c...
compiling lv_indev.c...
compiling lv_obj_draw.c...
compiling lv_obj.c...
compiling lv_obj_style_gen.c...
compiling lv_obj_scroll.c...
compiling lv_obj_tree.c...
compiling lv_obj_pos.c...
compiling lv_theme.c...
compiling lv_draw.c...
compiling lv_obj_style.c...
compiling lv_draw_arc.c...
compiling lv_draw_layer.c...
compiling lv_draw_img.c...
compiling lv_draw_line.c...
compiling lv_draw_label.c...
compiling lv_draw_rect.c...
compiling lv_refr.c...
compiling lv_draw_transform.c...
compiling lv_draw_triangle.c...
compiling lv_img_buf.c...
compiling lv_img_cache.c...
compiling lv_font.c...
compiling lv_extra.c...
compiling lv_font_fmt_txt.c...
compiling lv_img_decoder.c...
compiling lv_hal_tick.c...
compiling lv_hal_indev.c...
compiling lv_hal_disp.c...
compiling lv_draw_mask.c...
compiling lv_anim.c...
compiling lv_anim_timeline.c...
compiling lv_async.c...
compiling lv_font_loader.c...
compiling lv_bidi.c...
compiling lv_area.c...
compiling lv_gc.c...
compiling lv_color.c...
compiling lv_log.c...
compiling lv_ll.c...
compiling lv_fs.c...
compiling lv_math.c...
compiling lv_templ.c...
compiling lv_lru.c...
compiling lv_timer.c...
compiling lv_style_gen.c...
compiling lv_printf.c...
compiling lv_style.c...
compiling lv_mem.c...
compiling lv_txt_ap.c...
compiling lv_utils.c...
compiling lv_btn.c...
compiling lv_txt.c...
compiling lv_tlsf.c...
compiling lv_bar.c...
compiling lv_arc.c...
compiling lv_checkbox.c...
compiling lv_canvas.c...
compiling lv_objx_templ.c...
compiling lv_btnmatrix.c...
compiling lv_line.c...
compiling lv_img.c...
compiling lv_dropdown.c...
compiling lv_switch.c...
compiling lv_label.c...
compiling lv_slider.c...
compiling lv_roller.c...
compiling lv_theme_basic.c...
compiling lv_animimg.c...
compiling lv_table.c...
compiling lv_calendar_header_arrow.c...
compiling lv_textarea.c...
compiling lv_calendar.c...
compiling lv_calendar_header_dropdown.c...
compiling lv_imgbtn.c...
compiling lv_keyboard.c...
compiling lv_list.c...
compiling lv_theme_default.c...
compiling lv_led.c...
compiling lv_colorwheel.c...
compiling lv_msgbox.c...
compiling lv_menu.c...
compiling lv_spinner.c...
compiling lv_chart.c...
compiling lv_meter.c...
compiling lv_spinbox.c...
compiling lv_tileview.c...
compiling lv_draw_sw.c...
../MIDWare/lvgl/src/extra/widgets/tabview/lv_tabview.c(132): warning: passing 'const char *' to parameter of type 'void *' discards qualifiers [-Wincompatible-pointer-types-discards-qualifiers]
  132 |     lv_mem_free(tabview->map[id]);
      |                 ^~~~~~~~~~~~~~~~
../MIDWare/lvgl/src/extra/widgets/tabview/../../../../src/misc/lv_mem.h(80): note: passing argument to parameter 'data' here
   80 | void lv_mem_free(void * data);
      |                         ^
../MIDWare/lvgl/src/extra/widgets/tabview/lv_tabview.c(134): warning: passing 'const char *' to parameter of type 'char *' discards qualifiers [-Wincompatible-pointer-types-discards-qualifiers]
  134 |     strcpy(tabview->map[id], new_name);
      |            ^~~~~~~~~~~~~~~~
D:\PROGRAM\keil\Core\ARM\ARMCLANG\Bin\..\include\string.h(77): note: passing argument to parameter here
   77 | extern _ARMABI char *strcpy(char * __restrict /*s1*/, const char * __restrict /*s2*/) __attribute__((__nonnull__(1,2)));
      |                                                     ^
../MIDWare/lvgl/src/extra/widgets/tabview/lv_tabview.c(276): warning: passing 'const char *' to parameter of type 'void *' discards qualifiers [-Wincompatible-pointer-types-discards-qualifiers]
  276 |             lv_mem_free(tabview->map[i]);
      |                         ^~~~~~~~~~~~~~~
../MIDWare/lvgl/src/extra/widgets/tabview/../../../../src/misc/lv_mem.h(80): note: passing argument to parameter 'data' here
   80 | void lv_mem_free(void * data);
      |                         ^
../MIDWare/lvgl/src/extra/widgets/tabview/lv_tabview.c(282): warning: passing 'const char *' to parameter of type 'void *' discards qualifiers [-Wincompatible-pointer-types-discards-qualifiers]
  282 |             lv_mem_free(tabview->map[i * 2]);
      |                         ^~~~~~~~~~~~~~~~~~~
../MIDWare/lvgl/src/extra/widgets/tabview/../../../../src/misc/lv_mem.h(80): note: passing argument to parameter 'data' here
   80 | void lv_mem_free(void * data);
      |                         ^
4 warnings generated.
compiling lv_tabview.c...
compiling lv_font_montserrat_14.c...
compiling lv_span.c...
compiling lv_draw_sw_dither.c...
compiling lv_draw_sw_arc.c...
compiling lv_draw_sw_gradient.c...
compiling lv_draw_sw_layer.c...
compiling lv_draw_sw_letter.c...
compiling lv_draw_sw_line.c...
compiling lv_draw_sw_polygon.c...
compiling lv_draw_sw_img.c...
compiling lv_draw_sw_blend.c...
compiling lv_win.c...
compiling lv_port_disp.c...
compiling lv_draw_sw_transform.c...
compiling lv_flex.c...
compiling lv_port_indev.c...
compiling lv_grid.c...
compiling lv_draw_sw_rect.c...
linking...
Program Size: Code=218700 RO-data=31612 RW-data=172 ZI-data=59220  
FromELF: creating hex file...
"ThermalCamera\ThermalCamera.axf" - 0 Error(s), 22 Warning(s).

<h2>Software Packages used:</h2>

Package Vendor: ARM
                https://www.keil.com/pack/ARM.CMSIS.6.0.0.pack
                ARM::CMSIS@6.0.0
                CMSIS (Common Microcontroller Software Interface Standard)
   * Component: CORE Version: 6.0.0

Package Vendor: Keil
                https://www.keil.com/pack/Keil.STM32F4xx_DFP.2.17.1.pack
                Keil::STM32F4xx_DFP@2.17.1
                STMicroelectronics STM32F4 Series Device Support, Drivers and Examples

<h2>Collection of Component include folders:</h2>
  ./RTE/_ThermalCamera
  D:/PROGRAM/keil/Packs/ARM/CMSIS/6.0.0/CMSIS/Core/Include
  D:/PROGRAM/keil/Packs/Keil/STM32F4xx_DFP/2.17.1/Drivers/CMSIS/Device/ST/STM32F4xx/Include

<h2>Collection of Component Files used:</h2>

   * Component: ARM::CMSIS:CORE@6.0.0
      Include file:  CMSIS/Core/Include/tz_context.h
Build Time Elapsed:  00:00:09
</pre>
</body>
</html>
